// Jest Snapshot v1, https://goo.gl/fbAQLP

exports[`renders correctly PrivateRoute 1`] = `null`;
