// Jest Snapshot v1, https://goo.gl/fbAQLP

exports[`renders correctly Wrapper 1`] = `
<div
  className="css-146mucv"
  orientation="row"
/>
`;
