// Jest Snapshot v1, https://goo.gl/fbAQLP

exports[`Header should have snapshot 1`] = `
<div
  className="css-9xbidx"
/>
`;
