// Jest Snapshot v1, https://goo.gl/fbAQLP

exports[`Form should have snapshot 1`] = `
<form
  className="css-epn0vg"
  onSubmit={[MockFunction]}
/>
`;
