// Jest Snapshot v1, https://goo.gl/fbAQLP

exports[`renders correctly Layout 1`] = `null`;
